// Vitest Snapshot v1, https://vitest.dev/guide/snapshot.html

exports[`Puzzle 03 > should match the input snapshot 1`] = `
[
  {
    "motivation": 67,
    "workload": 4,
  },
  {
    "motivation": 21,
    "workload": 8,
  },
  {
    "motivation": 35,
    "workload": 2,
  },
  {
    "motivation": 69,
    "workload": 6,
  },
  {
    "motivation": 63,
    "workload": 10,
  },
  {
    "motivation": 77,
    "workload": 4,
  },
  {
    "motivation": 51,
    "workload": 8,
  },
  {
    "motivation": 5,
    "workload": 2,
  },
  {
    "motivation": 79,
    "workload": 6,
  },
  {
    "motivation": 53,
    "workload": 10,
  },
  {
    "motivation": 87,
    "workload": 4,
  },
  {
    "motivation": 81,
    "workload": 8,
  },
  {
    "motivation": 55,
    "workload": 2,
  },
  {
    "motivation": 69,
    "workload": 6,
  },
  {
    "motivation": 43,
    "workload": 10,
  },
  {
    "motivation": 17,
    "workload": 4,
  },
  {
    "motivation": 51,
    "workload": 8,
  },
  {
    "motivation": 45,
    "workload": 2,
  },
  {
    "motivation": 99,
    "workload": 6,
  },
  {
    "motivation": 93,
    "workload": 10,
  },
  {
    "motivation": 67,
    "workload": 4,
  },
  {
    "motivation": 81,
    "workload": 8,
  },
  {
    "motivation": 35,
    "workload": 2,
  },
  {
    "motivation": 49,
    "workload": 6,
  },
  {
    "motivation": 23,
    "workload": 10,
  },
  {
    "motivation": 77,
    "workload": 4,
  },
  {
    "motivation": 91,
    "workload": 8,
  },
  {
    "motivation": 5,
    "workload": 2,
  },
  {
    "motivation": 59,
    "workload": 6,
  },
  {
    "motivation": 13,
    "workload": 10,
  },
  {
    "motivation": 67,
    "workload": 4,
  },
  {
    "motivation": 61,
    "workload": 8,
  },
  {
    "motivation": 35,
    "workload": 2,
  },
  {
    "motivation": 9,
    "workload": 6,
  },
  {
    "motivation": 43,
    "workload": 10,
  },
  {
    "motivation": 77,
    "workload": 4,
  },
  {
    "motivation": 71,
    "workload": 8,
  },
  {
    "motivation": 85,
    "workload": 2,
  },
  {
    "motivation": 39,
    "workload": 6,
  },
  {
    "motivation": 33,
    "workload": 10,
  },
  {
    "motivation": 27,
    "workload": 4,
  },
  {
    "motivation": 61,
    "workload": 8,
  },
  {
    "motivation": 55,
    "workload": 2,
  },
  {
    "motivation": 69,
    "workload": 6,
  },
  {
    "motivation": 23,
    "workload": 10,
  },
  {
    "motivation": 97,
    "workload": 4,
  },
  {
    "motivation": 71,
    "workload": 8,
  },
  {
    "motivation": 5,
    "workload": 2,
  },
  {
    "motivation": 39,
    "workload": 6,
  },
  {
    "motivation": 73,
    "workload": 10,
  },
  {
    "motivation": 47,
    "workload": 4,
  },
  {
    "motivation": 41,
    "workload": 8,
  },
  {
    "motivation": 75,
    "workload": 2,
  },
  {
    "motivation": 29,
    "workload": 6,
  },
  {
    "motivation": 83,
    "workload": 10,
  },
  {
    "motivation": 17,
    "workload": 4,
  },
  {
    "motivation": 31,
    "workload": 8,
  },
  {
    "motivation": 5,
    "workload": 2,
  },
  {
    "motivation": 79,
    "workload": 6,
  },
  {
    "motivation": 93,
    "workload": 10,
  },
  {
    "motivation": 87,
    "workload": 4,
  },
  {
    "motivation": 21,
    "workload": 8,
  },
  {
    "motivation": 95,
    "workload": 2,
  },
  {
    "motivation": 9,
    "workload": 6,
  },
  {
    "motivation": 3,
    "workload": 10,
  },
  {
    "motivation": 17,
    "workload": 4,
  },
  {
    "motivation": 31,
    "workload": 8,
  },
  {
    "motivation": 25,
    "workload": 2,
  },
  {
    "motivation": 99,
    "workload": 6,
  },
  {
    "motivation": 13,
    "workload": 10,
  },
  {
    "motivation": 27,
    "workload": 4,
  },
  {
    "motivation": 21,
    "workload": 8,
  },
  {
    "motivation": 15,
    "workload": 2,
  },
  {
    "motivation": 69,
    "workload": 6,
  },
  {
    "motivation": 63,
    "workload": 10,
  },
  {
    "motivation": 17,
    "workload": 4,
  },
  {
    "motivation": 31,
    "workload": 8,
  },
  {
    "motivation": 65,
    "workload": 2,
  },
  {
    "motivation": 79,
    "workload": 6,
  },
  {
    "motivation": 93,
    "workload": 10,
  },
  {
    "motivation": 7,
    "workload": 4,
  },
  {
    "motivation": 61,
    "workload": 8,
  },
  {
    "motivation": 95,
    "workload": 2,
  },
  {
    "motivation": 49,
    "workload": 6,
  },
  {
    "motivation": 63,
    "workload": 10,
  },
  {
    "motivation": 17,
    "workload": 4,
  },
  {
    "motivation": 91,
    "workload": 8,
  },
  {
    "motivation": 5,
    "workload": 2,
  },
  {
    "motivation": 19,
    "workload": 6,
  },
  {
    "motivation": 53,
    "workload": 10,
  },
  {
    "motivation": 87,
    "workload": 4,
  },
  {
    "motivation": 61,
    "workload": 8,
  },
  {
    "motivation": 15,
    "workload": 2,
  },
  {
    "motivation": 49,
    "workload": 6,
  },
  {
    "motivation": 43,
    "workload": 10,
  },
  {
    "motivation": 57,
    "workload": 4,
  },
  {
    "motivation": 91,
    "workload": 8,
  },
  {
    "motivation": 85,
    "workload": 2,
  },
  {
    "motivation": 39,
    "workload": 6,
  },
  {
    "motivation": 53,
    "workload": 10,
  },
  {
    "motivation": 7,
    "workload": 4,
  },
  {
    "motivation": 41,
    "workload": 8,
  },
  {
    "motivation": 15,
    "workload": 2,
  },
  {
    "motivation": 29,
    "workload": 6,
  },
  {
    "motivation": 3,
    "workload": 10,
  },
  {
    "motivation": 37,
    "workload": 4,
  },
  {
    "motivation": 31,
    "workload": 8,
  },
  {
    "motivation": 5,
    "workload": 2,
  },
  {
    "motivation": 79,
    "workload": 6,
  },
  {
    "motivation": 93,
    "workload": 10,
  },
  {
    "motivation": 7,
    "workload": 4,
  },
  {
    "motivation": 41,
    "workload": 8,
  },
  {
    "motivation": 75,
    "workload": 2,
  },
  {
    "motivation": 89,
    "workload": 6,
  },
  {
    "motivation": 43,
    "workload": 10,
  },
  {
    "motivation": 37,
    "workload": 4,
  },
  {
    "motivation": 31,
    "workload": 8,
  },
  {
    "motivation": 85,
    "workload": 2,
  },
  {
    "motivation": 39,
    "workload": 6,
  },
  {
    "motivation": 53,
    "workload": 10,
  },
  {
    "motivation": 7,
    "workload": 4,
  },
  {
    "motivation": 81,
    "workload": 8,
  },
  {
    "motivation": 55,
    "workload": 2,
  },
  {
    "motivation": 9,
    "workload": 6,
  },
  {
    "motivation": 83,
    "workload": 10,
  },
  {
    "motivation": 97,
    "workload": 4,
  },
  {
    "motivation": 31,
    "workload": 8,
  },
  {
    "motivation": 45,
    "workload": 2,
  },
  {
    "motivation": 39,
    "workload": 6,
  },
  {
    "motivation": 33,
    "workload": 10,
  },
  {
    "motivation": 47,
    "workload": 4,
  },
  {
    "motivation": 61,
    "workload": 8,
  },
  {
    "motivation": 15,
    "workload": 2,
  },
  {
    "motivation": 9,
    "workload": 6,
  },
  {
    "motivation": 23,
    "workload": 10,
  },
  {
    "motivation": 37,
    "workload": 4,
  },
  {
    "motivation": 31,
    "workload": 8,
  },
  {
    "motivation": 5,
    "workload": 2,
  },
  {
    "motivation": 39,
    "workload": 6,
  },
  {
    "motivation": 53,
    "workload": 10,
  },
  {
    "motivation": 47,
    "workload": 4,
  },
  {
    "motivation": 1,
    "workload": 8,
  },
  {
    "motivation": 75,
    "workload": 2,
  },
  {
    "motivation": 29,
    "workload": 6,
  },
  {
    "motivation": 3,
    "workload": 10,
  },
  {
    "motivation": 57,
    "workload": 4,
  },
  {
    "motivation": 11,
    "workload": 8,
  },
  {
    "motivation": 85,
    "workload": 2,
  },
  {
    "motivation": 39,
    "workload": 6,
  },
  {
    "motivation": 73,
    "workload": 10,
  },
  {
    "motivation": 27,
    "workload": 4,
  },
  {
    "motivation": 1,
    "workload": 8,
  },
  {
    "motivation": 75,
    "workload": 2,
  },
  {
    "motivation": 9,
    "workload": 6,
  },
  {
    "motivation": 43,
    "workload": 10,
  },
  {
    "motivation": 77,
    "workload": 4,
  },
  {
    "motivation": 91,
    "workload": 8,
  },
  {
    "motivation": 85,
    "workload": 2,
  },
  {
    "motivation": 59,
    "workload": 6,
  },
  {
    "motivation": 33,
    "workload": 10,
  },
  {
    "motivation": 7,
    "workload": 4,
  },
  {
    "motivation": 81,
    "workload": 8,
  },
  {
    "motivation": 95,
    "workload": 2,
  },
  {
    "motivation": 69,
    "workload": 6,
  },
  {
    "motivation": 3,
    "workload": 10,
  },
  {
    "motivation": 57,
    "workload": 4,
  },
  {
    "motivation": 71,
    "workload": 8,
  },
  {
    "motivation": 5,
    "workload": 2,
  },
  {
    "motivation": 79,
    "workload": 6,
  },
  {
    "motivation": 53,
    "workload": 10,
  },
  {
    "motivation": 47,
    "workload": 4,
  },
  {
    "motivation": 41,
    "workload": 8,
  },
  {
    "motivation": 75,
    "workload": 2,
  },
  {
    "motivation": 89,
    "workload": 6,
  },
  {
    "motivation": 83,
    "workload": 10,
  },
  {
    "motivation": 17,
    "workload": 4,
  },
  {
    "motivation": 11,
    "workload": 8,
  },
  {
    "motivation": 5,
    "workload": 2,
  },
  {
    "motivation": 59,
    "workload": 6,
  },
  {
    "motivation": 73,
    "workload": 10,
  },
  {
    "motivation": 27,
    "workload": 4,
  },
  {
    "motivation": 41,
    "workload": 8,
  },
  {
    "motivation": 35,
    "workload": 2,
  },
  {
    "motivation": 69,
    "workload": 6,
  },
  {
    "motivation": 43,
    "workload": 10,
  },
  {
    "motivation": 77,
    "workload": 4,
  },
  {
    "motivation": 71,
    "workload": 8,
  },
  {
    "motivation": 25,
    "workload": 2,
  },
  {
    "motivation": 59,
    "workload": 6,
  },
  {
    "motivation": 93,
    "workload": 10,
  },
  {
    "motivation": 47,
    "workload": 4,
  },
  {
    "motivation": 41,
    "workload": 8,
  },
  {
    "motivation": 15,
    "workload": 2,
  },
  {
    "motivation": 9,
    "workload": 6,
  },
  {
    "motivation": 3,
    "workload": 10,
  },
  {
    "motivation": 97,
    "workload": 4,
  },
  {
    "motivation": 51,
    "workload": 8,
  },
  {
    "motivation": 85,
    "workload": 2,
  },
  {
    "motivation": 99,
    "workload": 6,
  },
  {
    "motivation": 33,
    "workload": 10,
  },
  {
    "motivation": 7,
    "workload": 4,
  },
  {
    "motivation": 21,
    "workload": 8,
  },
  {
    "motivation": 35,
    "workload": 2,
  },
  {
    "motivation": 69,
    "workload": 6,
  },
  {
    "motivation": 83,
    "workload": 10,
  },
  {
    "motivation": 37,
    "workload": 4,
  },
  {
    "motivation": 91,
    "workload": 8,
  },
  {
    "motivation": 85,
    "workload": 2,
  },
  {
    "motivation": 59,
    "workload": 6,
  },
  {
    "motivation": 13,
    "workload": 10,
  },
  {
    "motivation": 67,
    "workload": 4,
  },
  {
    "motivation": 21,
    "workload": 8,
  },
  {
    "motivation": 15,
    "workload": 2,
  },
  {
    "motivation": 29,
    "workload": 6,
  },
  {
    "motivation": 63,
    "workload": 10,
  },
  {
    "motivation": 57,
    "workload": 4,
  },
  {
    "motivation": 11,
    "workload": 8,
  },
  {
    "motivation": 65,
    "workload": 2,
  },
  {
    "motivation": 99,
    "workload": 6,
  },
  {
    "motivation": 93,
    "workload": 10,
  },
  {
    "motivation": 67,
    "workload": 4,
  },
  {
    "motivation": 1,
    "workload": 8,
  },
  {
    "motivation": 35,
    "workload": 2,
  },
  {
    "motivation": 69,
    "workload": 6,
  },
  {
    "motivation": 63,
    "workload": 10,
  },
  {
    "motivation": 97,
    "workload": 4,
  },
  {
    "motivation": 11,
    "workload": 8,
  },
  {
    "motivation": 25,
    "workload": 2,
  },
  {
    "motivation": 59,
    "workload": 6,
  },
  {
    "motivation": 73,
    "workload": 10,
  },
  {
    "motivation": 67,
    "workload": 4,
  },
  {
    "motivation": 81,
    "workload": 8,
  },
  {
    "motivation": 15,
    "workload": 2,
  },
  {
    "motivation": 49,
    "workload": 6,
  },
  {
    "motivation": 43,
    "workload": 10,
  },
  {
    "motivation": 17,
    "workload": 4,
  },
  {
    "motivation": 31,
    "workload": 8,
  },
  {
    "motivation": 5,
    "workload": 2,
  },
  {
    "motivation": 39,
    "workload": 6,
  },
  {
    "motivation": 73,
    "workload": 10,
  },
  {
    "motivation": 7,
    "workload": 4,
  },
  {
    "motivation": 41,
    "workload": 8,
  },
  {
    "motivation": 75,
    "workload": 2,
  },
  {
    "motivation": 49,
    "workload": 6,
  },
  {
    "motivation": 83,
    "workload": 10,
  },
  {
    "motivation": 77,
    "workload": 4,
  },
  {
    "motivation": 91,
    "workload": 8,
  },
  {
    "motivation": 65,
    "workload": 2,
  },
  {
    "motivation": 59,
    "workload": 6,
  },
  {
    "motivation": 93,
    "workload": 10,
  },
  {
    "motivation": 7,
    "workload": 4,
  },
  {
    "motivation": 61,
    "workload": 8,
  },
  {
    "motivation": 15,
    "workload": 2,
  },
  {
    "motivation": 9,
    "workload": 6,
  },
  {
    "motivation": 83,
    "workload": 10,
  },
  {
    "motivation": 37,
    "workload": 4,
  },
  {
    "motivation": 31,
    "workload": 8,
  },
  {
    "motivation": 85,
    "workload": 2,
  },
  {
    "motivation": 19,
    "workload": 6,
  },
  {
    "motivation": 53,
    "workload": 10,
  },
  {
    "motivation": 7,
    "workload": 4,
  },
  {
    "motivation": 41,
    "workload": 8,
  },
  {
    "motivation": 95,
    "workload": 2,
  },
  {
    "motivation": 49,
    "workload": 6,
  },
  {
    "motivation": 43,
    "workload": 10,
  },
  {
    "motivation": 77,
    "workload": 4,
  },
  {
    "motivation": 71,
    "workload": 8,
  },
  {
    "motivation": 25,
    "workload": 2,
  },
  {
    "motivation": 39,
    "workload": 6,
  },
  {
    "motivation": 33,
    "workload": 10,
  },
  {
    "motivation": 27,
    "workload": 4,
  },
  {
    "motivation": 41,
    "workload": 8,
  },
  {
    "motivation": 75,
    "workload": 2,
  },
  {
    "motivation": 9,
    "workload": 6,
  },
  {
    "motivation": 63,
    "workload": 10,
  },
  {
    "motivation": 17,
    "workload": 4,
  },
  {
    "motivation": 71,
    "workload": 8,
  },
  {
    "motivation": 85,
    "workload": 2,
  },
  {
    "motivation": 99,
    "workload": 6,
  },
  {
    "motivation": 53,
    "workload": 10,
  },
  {
    "motivation": 47,
    "workload": 4,
  },
  {
    "motivation": 61,
    "workload": 8,
  },
  {
    "motivation": 35,
    "workload": 2,
  },
  {
    "motivation": 29,
    "workload": 6,
  },
  {
    "motivation": 23,
    "workload": 10,
  },
  {
    "motivation": 77,
    "workload": 4,
  },
  {
    "motivation": 91,
    "workload": 8,
  },
  {
    "motivation": 5,
    "workload": 2,
  },
  {
    "motivation": 59,
    "workload": 6,
  },
  {
    "motivation": 13,
    "workload": 10,
  },
  {
    "motivation": 7,
    "workload": 4,
  },
  {
    "motivation": 21,
    "workload": 8,
  },
  {
    "motivation": 35,
    "workload": 2,
  },
  {
    "motivation": 89,
    "workload": 6,
  },
  {
    "motivation": 63,
    "workload": 10,
  },
  {
    "motivation": 57,
    "workload": 4,
  },
  {
    "motivation": 91,
    "workload": 8,
  },
  {
    "motivation": 5,
    "workload": 2,
  },
  {
    "motivation": 19,
    "workload": 6,
  },
  {
    "motivation": 13,
    "workload": 10,
  },
  {
    "motivation": 67,
    "workload": 4,
  },
  {
    "motivation": 1,
    "workload": 8,
  },
  {
    "motivation": 15,
    "workload": 2,
  },
  {
    "motivation": 89,
    "workload": 6,
  },
  {
    "motivation": 83,
    "workload": 10,
  },
  {
    "motivation": 37,
    "workload": 4,
  },
  {
    "motivation": 31,
    "workload": 8,
  },
  {
    "motivation": 5,
    "workload": 2,
  },
  {
    "motivation": 79,
    "workload": 6,
  },
  {
    "motivation": 73,
    "workload": 10,
  },
  {
    "motivation": 47,
    "workload": 4,
  },
  {
    "motivation": 81,
    "workload": 8,
  },
  {
    "motivation": 75,
    "workload": 2,
  },
  {
    "motivation": 69,
    "workload": 6,
  },
  {
    "motivation": 43,
    "workload": 10,
  },
  {
    "motivation": 97,
    "workload": 4,
  },
  {
    "motivation": 31,
    "workload": 8,
  },
  {
    "motivation": 5,
    "workload": 2,
  },
  {
    "motivation": 19,
    "workload": 6,
  },
  {
    "motivation": 33,
    "workload": 10,
  },
  {
    "motivation": 27,
    "workload": 4,
  },
  {
    "motivation": 21,
    "workload": 8,
  },
  {
    "motivation": 95,
    "workload": 2,
  },
  {
    "motivation": 89,
    "workload": 6,
  },
  {
    "motivation": 23,
    "workload": 10,
  },
  {
    "motivation": 37,
    "workload": 4,
  },
  {
    "motivation": 71,
    "workload": 8,
  },
  {
    "motivation": 45,
    "workload": 2,
  },
  {
    "motivation": 79,
    "workload": 6,
  },
  {
    "motivation": 13,
    "workload": 10,
  },
  {
    "motivation": 27,
    "workload": 4,
  },
  {
    "motivation": 1,
    "workload": 8,
  },
  {
    "motivation": 15,
    "workload": 2,
  },
  {
    "motivation": 29,
    "workload": 6,
  },
  {
    "motivation": 83,
    "workload": 10,
  },
  {
    "motivation": 17,
    "workload": 4,
  },
  {
    "motivation": 11,
    "workload": 8,
  },
  {
    "motivation": 85,
    "workload": 2,
  },
  {
    "motivation": 79,
    "workload": 6,
  },
  {
    "motivation": 73,
    "workload": 10,
  },
  {
    "motivation": 67,
    "workload": 4,
  },
  {
    "motivation": 81,
    "workload": 8,
  },
  {
    "motivation": 75,
    "workload": 2,
  },
  {
    "motivation": 89,
    "workload": 6,
  },
  {
    "motivation": 3,
    "workload": 10,
  },
  {
    "motivation": 57,
    "workload": 4,
  },
  {
    "motivation": 31,
    "workload": 8,
  },
  {
    "motivation": 85,
    "workload": 2,
  },
  {
    "motivation": 99,
    "workload": 6,
  },
  {
    "motivation": 73,
    "workload": 10,
  },
  {
    "motivation": 27,
    "workload": 4,
  },
  {
    "motivation": 81,
    "workload": 8,
  },
  {
    "motivation": 55,
    "workload": 2,
  },
  {
    "motivation": 49,
    "workload": 6,
  },
  {
    "motivation": 43,
    "workload": 10,
  },
  {
    "motivation": 57,
    "workload": 4,
  },
  {
    "motivation": 71,
    "workload": 8,
  },
  {
    "motivation": 85,
    "workload": 2,
  },
  {
    "motivation": 39,
    "workload": 6,
  },
  {
    "motivation": 13,
    "workload": 10,
  },
  {
    "motivation": 47,
    "workload": 4,
  },
  {
    "motivation": 81,
    "workload": 8,
  },
  {
    "motivation": 75,
    "workload": 2,
  },
  {
    "motivation": 89,
    "workload": 6,
  },
  {
    "motivation": 43,
    "workload": 10,
  },
  {
    "motivation": 97,
    "workload": 4,
  },
  {
    "motivation": 11,
    "workload": 8,
  },
  {
    "motivation": 85,
    "workload": 2,
  },
  {
    "motivation": 59,
    "workload": 6,
  },
  {
    "motivation": 53,
    "workload": 10,
  },
  {
    "motivation": 67,
    "workload": 4,
  },
  {
    "motivation": 41,
    "workload": 8,
  },
  {
    "motivation": 15,
    "workload": 2,
  },
  {
    "motivation": 69,
    "workload": 6,
  },
  {
    "motivation": 83,
    "workload": 10,
  },
  {
    "motivation": 17,
    "workload": 4,
  },
  {
    "motivation": 71,
    "workload": 8,
  },
  {
    "motivation": 65,
    "workload": 2,
  },
  {
    "motivation": 39,
    "workload": 6,
  },
  {
    "motivation": 13,
    "workload": 10,
  },
  {
    "motivation": 67,
    "workload": 4,
  },
  {
    "motivation": 81,
    "workload": 8,
  },
  {
    "motivation": 75,
    "workload": 2,
  },
  {
    "motivation": 29,
    "workload": 6,
  },
  {
    "motivation": 63,
    "workload": 10,
  },
  {
    "motivation": 17,
    "workload": 4,
  },
  {
    "motivation": 31,
    "workload": 8,
  },
  {
    "motivation": 85,
    "workload": 2,
  },
  {
    "motivation": 19,
    "workload": 6,
  },
  {
    "motivation": 53,
    "workload": 10,
  },
  {
    "motivation": 7,
    "workload": 4,
  },
  {
    "motivation": 21,
    "workload": 8,
  },
  {
    "motivation": 35,
    "workload": 2,
  },
  {
    "motivation": 69,
    "workload": 6,
  },
  {
    "motivation": 23,
    "workload": 10,
  },
  {
    "motivation": 57,
    "workload": 4,
  },
  {
    "motivation": 91,
    "workload": 8,
  },
  {
    "motivation": 65,
    "workload": 2,
  },
  {
    "motivation": 99,
    "workload": 6,
  },
  {
    "motivation": 73,
    "workload": 10,
  },
  {
    "motivation": 47,
    "workload": 4,
  },
  {
    "motivation": 1,
    "workload": 8,
  },
  {
    "motivation": 55,
    "workload": 2,
  },
  {
    "motivation": 89,
    "workload": 6,
  },
  {
    "motivation": 43,
    "workload": 10,
  },
  {
    "motivation": 37,
    "workload": 4,
  },
  {
    "motivation": 91,
    "workload": 8,
  },
  {
    "motivation": 85,
    "workload": 2,
  },
  {
    "motivation": 19,
    "workload": 6,
  },
  {
    "motivation": 13,
    "workload": 10,
  },
  {
    "motivation": 27,
    "workload": 4,
  },
  {
    "motivation": 81,
    "workload": 8,
  },
  {
    "motivation": 15,
    "workload": 2,
  },
  {
    "motivation": 89,
    "workload": 6,
  },
  {
    "motivation": 43,
    "workload": 10,
  },
  {
    "motivation": 77,
    "workload": 4,
  },
  {
    "motivation": 51,
    "workload": 8,
  },
  {
    "motivation": 25,
    "workload": 2,
  },
  {
    "motivation": 39,
    "workload": 6,
  },
  {
    "motivation": 93,
    "workload": 10,
  },
  {
    "motivation": 67,
    "workload": 4,
  },
  {
    "motivation": 1,
    "workload": 8,
  },
  {
    "motivation": 75,
    "workload": 2,
  },
  {
    "motivation": 29,
    "workload": 6,
  },
  {
    "motivation": 3,
    "workload": 10,
  },
  {
    "motivation": 77,
    "workload": 4,
  },
  {
    "motivation": 91,
    "workload": 8,
  },
  {
    "motivation": 25,
    "workload": 2,
  },
  {
    "motivation": 39,
    "workload": 6,
  },
  {
    "motivation": 13,
    "workload": 10,
  },
  {
    "motivation": 27,
    "workload": 4,
  },
  {
    "motivation": 41,
    "workload": 8,
  },
  {
    "motivation": 55,
    "workload": 2,
  },
  {
    "motivation": 89,
    "workload": 6,
  },
  {
    "motivation": 43,
    "workload": 10,
  },
  {
    "motivation": 97,
    "workload": 4,
  },
  {
    "motivation": 71,
    "workload": 8,
  },
  {
    "motivation": 25,
    "workload": 2,
  },
  {
    "motivation": 99,
    "workload": 6,
  },
  {
    "motivation": 33,
    "workload": 10,
  },
  {
    "motivation": 67,
    "workload": 4,
  },
  {
    "motivation": 41,
    "workload": 8,
  },
  {
    "motivation": 55,
    "workload": 2,
  },
  {
    "motivation": 89,
    "workload": 6,
  },
  {
    "motivation": 83,
    "workload": 10,
  },
  {
    "motivation": 77,
    "workload": 4,
  },
  {
    "motivation": 91,
    "workload": 8,
  },
  {
    "motivation": 65,
    "workload": 2,
  },
  {
    "motivation": 99,
    "workload": 6,
  },
  {
    "motivation": 33,
    "workload": 10,
  },
  {
    "motivation": 87,
    "workload": 4,
  },
  {
    "motivation": 61,
    "workload": 8,
  },
  {
    "motivation": 75,
    "workload": 2,
  },
  {
    "motivation": 9,
    "workload": 6,
  },
  {
    "motivation": 43,
    "workload": 10,
  },
  {
    "motivation": 97,
    "workload": 4,
  },
  {
    "motivation": 91,
    "workload": 8,
  },
  {
    "motivation": 5,
    "workload": 2,
  },
  {
    "motivation": 59,
    "workload": 6,
  },
  {
    "motivation": 93,
    "workload": 10,
  },
  {
    "motivation": 27,
    "workload": 4,
  },
  {
    "motivation": 41,
    "workload": 8,
  },
  {
    "motivation": 95,
    "workload": 2,
  },
  {
    "motivation": 69,
    "workload": 6,
  },
  {
    "motivation": 83,
    "workload": 10,
  },
  {
    "motivation": 77,
    "workload": 4,
  },
  {
    "motivation": 91,
    "workload": 8,
  },
  {
    "motivation": 65,
    "workload": 2,
  },
  {
    "motivation": 59,
    "workload": 6,
  },
  {
    "motivation": 53,
    "workload": 10,
  },
  {
    "motivation": 47,
    "workload": 4,
  },
  {
    "motivation": 61,
    "workload": 8,
  },
  {
    "motivation": 35,
    "workload": 2,
  },
  {
    "motivation": 9,
    "workload": 6,
  },
  {
    "motivation": 3,
    "workload": 10,
  },
  {
    "motivation": 17,
    "workload": 4,
  },
  {
    "motivation": 11,
    "workload": 8,
  },
  {
    "motivation": 85,
    "workload": 2,
  },
  {
    "motivation": 39,
    "workload": 6,
  },
  {
    "motivation": 13,
    "workload": 10,
  },
  {
    "motivation": 67,
    "workload": 4,
  },
  {
    "motivation": 81,
    "workload": 8,
  },
  {
    "motivation": 95,
    "workload": 2,
  },
  {
    "motivation": 9,
    "workload": 6,
  },
  {
    "motivation": 3,
    "workload": 10,
  },
  {
    "motivation": 17,
    "workload": 4,
  },
  {
    "motivation": 71,
    "workload": 8,
  },
  {
    "motivation": 85,
    "workload": 2,
  },
  {
    "motivation": 39,
    "workload": 6,
  },
  {
    "motivation": 33,
    "workload": 10,
  },
  {
    "motivation": 67,
    "workload": 4,
  },
  {
    "motivation": 41,
    "workload": 8,
  },
  {
    "motivation": 55,
    "workload": 2,
  },
  {
    "motivation": 49,
    "workload": 6,
  },
  {
    "motivation": 83,
    "workload": 10,
  },
  {
    "motivation": 97,
    "workload": 4,
  },
  {
    "motivation": 91,
    "workload": 8,
  },
  {
    "motivation": 25,
    "workload": 2,
  },
  {
    "motivation": 59,
    "workload": 6,
  },
  {
    "motivation": 33,
    "workload": 10,
  },
  {
    "motivation": 47,
    "workload": 4,
  },
  {
    "motivation": 61,
    "workload": 8,
  },
  {
    "motivation": 55,
    "workload": 2,
  },
  {
    "motivation": 9,
    "workload": 6,
  },
  {
    "motivation": 3,
    "workload": 10,
  },
  {
    "motivation": 37,
    "workload": 4,
  },
  {
    "motivation": 71,
    "workload": 8,
  },
  {
    "motivation": 45,
    "workload": 2,
  },
  {
    "motivation": 39,
    "workload": 6,
  },
  {
    "motivation": 13,
    "workload": 10,
  },
  {
    "motivation": 27,
    "workload": 4,
  },
  {
    "motivation": 21,
    "workload": 8,
  },
  {
    "motivation": 95,
    "workload": 2,
  },
  {
    "motivation": 69,
    "workload": 6,
  },
  {
    "motivation": 63,
    "workload": 10,
  },
  {
    "motivation": 77,
    "workload": 4,
  },
  {
    "motivation": 91,
    "workload": 8,
  },
  {
    "motivation": 5,
    "workload": 2,
  },
  {
    "motivation": 39,
    "workload": 6,
  },
  {
    "motivation": 73,
    "workload": 10,
  },
  {
    "motivation": 47,
    "workload": 4,
  },
  {
    "motivation": 21,
    "workload": 8,
  },
  {
    "motivation": 75,
    "workload": 2,
  },
  {
    "motivation": 29,
    "workload": 6,
  },
  {
    "motivation": 43,
    "workload": 10,
  },
  {
    "motivation": 77,
    "workload": 4,
  },
  {
    "motivation": 51,
    "workload": 8,
  },
  {
    "motivation": 5,
    "workload": 2,
  },
  {
    "motivation": 59,
    "workload": 6,
  },
  {
    "motivation": 33,
    "workload": 10,
  },
  {
    "motivation": 27,
    "workload": 4,
  },
  {
    "motivation": 41,
    "workload": 8,
  },
  {
    "motivation": 75,
    "workload": 2,
  },
  {
    "motivation": 49,
    "workload": 6,
  },
  {
    "motivation": 43,
    "workload": 10,
  },
  {
    "motivation": 37,
    "workload": 4,
  },
  {
    "motivation": 51,
    "workload": 8,
  },
  {
    "motivation": 5,
    "workload": 2,
  },
  {
    "motivation": 79,
    "workload": 6,
  },
  {
    "motivation": 93,
    "workload": 10,
  },
  {
    "motivation": 87,
    "workload": 4,
  },
  {
    "motivation": 61,
    "workload": 8,
  },
  {
    "motivation": 35,
    "workload": 2,
  },
  {
    "motivation": 49,
    "workload": 6,
  },
  {
    "motivation": 83,
    "workload": 10,
  },
  {
    "motivation": 37,
    "workload": 4,
  },
  {
    "motivation": 91,
    "workload": 8,
  },
  {
    "motivation": 65,
    "workload": 2,
  },
  {
    "motivation": 99,
    "workload": 6,
  },
  {
    "motivation": 73,
    "workload": 10,
  },
  {
    "motivation": 7,
    "workload": 4,
  },
  {
    "motivation": 61,
    "workload": 8,
  },
  {
    "motivation": 35,
    "workload": 2,
  },
  {
    "motivation": 89,
    "workload": 6,
  },
  {
    "motivation": 3,
    "workload": 10,
  },
  {
    "motivation": 57,
    "workload": 4,
  },
  {
    "motivation": 31,
    "workload": 8,
  },
  {
    "motivation": 85,
    "workload": 2,
  },
  {
    "motivation": 19,
    "workload": 6,
  },
  {
    "motivation": 33,
    "workload": 10,
  },
  {
    "motivation": 67,
    "workload": 4,
  },
  {
    "motivation": 61,
    "workload": 8,
  },
  {
    "motivation": 35,
    "workload": 2,
  },
  {
    "motivation": 9,
    "workload": 6,
  },
  {
    "motivation": 83,
    "workload": 10,
  },
  {
    "motivation": 37,
    "workload": 4,
  },
  {
    "motivation": 11,
    "workload": 8,
  },
  {
    "motivation": 25,
    "workload": 2,
  },
  {
    "motivation": 99,
    "workload": 6,
  },
  {
    "motivation": 13,
    "workload": 10,
  },
  {
    "motivation": 67,
    "workload": 4,
  },
  {
    "motivation": 61,
    "workload": 8,
  },
  {
    "motivation": 95,
    "workload": 2,
  },
  {
    "motivation": 49,
    "workload": 6,
  },
  {
    "motivation": 23,
    "workload": 10,
  },
  {
    "motivation": 97,
    "workload": 4,
  },
  {
    "motivation": 91,
    "workload": 8,
  },
  {
    "motivation": 25,
    "workload": 2,
  },
  {
    "motivation": 19,
    "workload": 6,
  },
  {
    "motivation": 13,
    "workload": 10,
  },
  {
    "motivation": 47,
    "workload": 4,
  },
  {
    "motivation": 21,
    "workload": 8,
  },
  {
    "motivation": 95,
    "workload": 2,
  },
  {
    "motivation": 49,
    "workload": 6,
  },
  {
    "motivation": 43,
    "workload": 10,
  },
  {
    "motivation": 17,
    "workload": 4,
  },
  {
    "motivation": 11,
    "workload": 8,
  },
  {
    "motivation": 85,
    "workload": 2,
  },
  {
    "motivation": 19,
    "workload": 6,
  },
  {
    "motivation": 73,
    "workload": 10,
  },
  {
    "motivation": 7,
    "workload": 4,
  },
  {
    "motivation": 81,
    "workload": 8,
  },
  {
    "motivation": 35,
    "workload": 2,
  },
  {
    "motivation": 69,
    "workload": 6,
  },
  {
    "motivation": 83,
    "workload": 10,
  },
  {
    "motivation": 57,
    "workload": 4,
  },
  {
    "motivation": 11,
    "workload": 8,
  },
  {
    "motivation": 85,
    "workload": 2,
  },
  {
    "motivation": 79,
    "workload": 6,
  },
  {
    "motivation": 53,
    "workload": 10,
  },
  {
    "motivation": 47,
    "workload": 4,
  },
  {
    "motivation": 81,
    "workload": 8,
  },
  {
    "motivation": 35,
    "workload": 2,
  },
  {
    "motivation": 29,
    "workload": 6,
  },
  {
    "motivation": 43,
    "workload": 10,
  },
  {
    "motivation": 97,
    "workload": 4,
  },
  {
    "motivation": 11,
    "workload": 8,
  },
  {
    "motivation": 25,
    "workload": 2,
  },
  {
    "motivation": 59,
    "workload": 6,
  },
  {
    "motivation": 53,
    "workload": 10,
  },
  {
    "motivation": 87,
    "workload": 4,
  },
  {
    "motivation": 41,
    "workload": 8,
  },
  {
    "motivation": 35,
    "workload": 2,
  },
  {
    "motivation": 9,
    "workload": 6,
  },
  {
    "motivation": 43,
    "workload": 10,
  },
  {
    "motivation": 97,
    "workload": 4,
  },
  {
    "motivation": 51,
    "workload": 8,
  },
  {
    "motivation": 25,
    "workload": 2,
  },
  {
    "motivation": 19,
    "workload": 6,
  },
  {
    "motivation": 53,
    "workload": 10,
  },
  {
    "motivation": 27,
    "workload": 4,
  },
  {
    "motivation": 81,
    "workload": 8,
  },
  {
    "motivation": 35,
    "workload": 2,
  },
  {
    "motivation": 49,
    "workload": 6,
  },
  {
    "motivation": 43,
    "workload": 10,
  },
  {
    "motivation": 17,
    "workload": 4,
  },
  {
    "motivation": 51,
    "workload": 8,
  },
  {
    "motivation": 45,
    "workload": 2,
  },
  {
    "motivation": 79,
    "workload": 6,
  },
  {
    "motivation": 73,
    "workload": 10,
  },
  {
    "motivation": 7,
    "workload": 4,
  },
  {
    "motivation": 1,
    "workload": 8,
  },
  {
    "motivation": 15,
    "workload": 2,
  },
  {
    "motivation": 29,
    "workload": 6,
  },
  {
    "motivation": 43,
    "workload": 10,
  },
  {
    "motivation": 17,
    "workload": 4,
  },
  {
    "motivation": 31,
    "workload": 8,
  },
  {
    "motivation": 65,
    "workload": 2,
  },
  {
    "motivation": 79,
    "workload": 6,
  },
  {
    "motivation": 73,
    "workload": 10,
  },
  {
    "motivation": 47,
    "workload": 4,
  },
  {
    "motivation": 41,
    "workload": 8,
  },
  {
    "motivation": 95,
    "workload": 2,
  },
  {
    "motivation": 29,
    "workload": 6,
  },
  {
    "motivation": 63,
    "workload": 10,
  },
  {
    "motivation": 77,
    "workload": 4,
  },
  {
    "motivation": 11,
    "workload": 8,
  },
  {
    "motivation": 25,
    "workload": 2,
  },
  {
    "motivation": 99,
    "workload": 6,
  },
  {
    "motivation": 33,
    "workload": 10,
  },
  {
    "motivation": 7,
    "workload": 4,
  },
  {
    "motivation": 21,
    "workload": 8,
  },
  {
    "motivation": 75,
    "workload": 2,
  },
  {
    "motivation": 49,
    "workload": 6,
  },
  {
    "motivation": 83,
    "workload": 10,
  },
  {
    "motivation": 97,
    "workload": 4,
  },
  {
    "motivation": 51,
    "workload": 8,
  },
  {
    "motivation": 85,
    "workload": 2,
  },
  {
    "motivation": 79,
    "workload": 6,
  },
  {
    "motivation": 53,
    "workload": 10,
  },
  {
    "motivation": 87,
    "workload": 4,
  },
  {
    "motivation": 81,
    "workload": 8,
  },
  {
    "motivation": 15,
    "workload": 2,
  },
  {
    "motivation": 49,
    "workload": 6,
  },
  {
    "motivation": 63,
    "workload": 10,
  },
  {
    "motivation": 17,
    "workload": 4,
  },
  {
    "motivation": 31,
    "workload": 8,
  },
  {
    "motivation": 85,
    "workload": 2,
  },
  {
    "motivation": 39,
    "workload": 6,
  },
  {
    "motivation": 33,
    "workload": 10,
  },
  {
    "motivation": 47,
    "workload": 4,
  },
  {
    "motivation": 21,
    "workload": 8,
  },
  {
    "motivation": 75,
    "workload": 2,
  },
  {
    "motivation": 69,
    "workload": 6,
  },
  {
    "motivation": 63,
    "workload": 10,
  },
  {
    "motivation": 37,
    "workload": 4,
  },
  {
    "motivation": 71,
    "workload": 8,
  },
  {
    "motivation": 85,
    "workload": 2,
  },
  {
    "motivation": 19,
    "workload": 6,
  },
  {
    "motivation": 73,
    "workload": 10,
  },
  {
    "motivation": 7,
    "workload": 4,
  },
  {
    "motivation": 41,
    "workload": 8,
  },
  {
    "motivation": 55,
    "workload": 2,
  },
  {
    "motivation": 49,
    "workload": 6,
  },
  {
    "motivation": 3,
    "workload": 10,
  },
  {
    "motivation": 97,
    "workload": 4,
  },
  {
    "motivation": 11,
    "workload": 8,
  },
  {
    "motivation": 65,
    "workload": 2,
  },
  {
    "motivation": 39,
    "workload": 6,
  },
  {
    "motivation": 33,
    "workload": 10,
  },
  {
    "motivation": 87,
    "workload": 4,
  },
  {
    "motivation": 81,
    "workload": 8,
  },
  {
    "motivation": 95,
    "workload": 2,
  },
  {
    "motivation": 29,
    "workload": 6,
  },
  {
    "motivation": 63,
    "workload": 10,
  },
  {
    "motivation": 77,
    "workload": 4,
  },
  {
    "motivation": 71,
    "workload": 8,
  },
  {
    "motivation": 85,
    "workload": 2,
  },
  {
    "motivation": 19,
    "workload": 6,
  },
  {
    "motivation": 73,
    "workload": 10,
  },
  {
    "motivation": 67,
    "workload": 4,
  },
  {
    "motivation": 1,
    "workload": 8,
  },
  {
    "motivation": 15,
    "workload": 2,
  },
  {
    "motivation": 9,
    "workload": 6,
  },
  {
    "motivation": 3,
    "workload": 10,
  },
  {
    "motivation": 37,
    "workload": 4,
  },
  {
    "motivation": 71,
    "workload": 8,
  },
  {
    "motivation": 65,
    "workload": 2,
  },
  {
    "motivation": 39,
    "workload": 6,
  },
  {
    "motivation": 13,
    "workload": 10,
  },
  {
    "motivation": 67,
    "workload": 4,
  },
  {
    "motivation": 61,
    "workload": 8,
  },
  {
    "motivation": 15,
    "workload": 2,
  },
  {
    "motivation": 89,
    "workload": 6,
  },
  {
    "motivation": 63,
    "workload": 10,
  },
  {
    "motivation": 37,
    "workload": 4,
  },
  {
    "motivation": 71,
    "workload": 8,
  },
  {
    "motivation": 45,
    "workload": 2,
  },
  {
    "motivation": 19,
    "workload": 6,
  },
  {
    "motivation": 93,
    "workload": 10,
  },
  {
    "motivation": 47,
    "workload": 4,
  },
  {
    "motivation": 81,
    "workload": 8,
  },
  {
    "motivation": 35,
    "workload": 2,
  },
  {
    "motivation": 49,
    "workload": 6,
  },
  {
    "motivation": 43,
    "workload": 10,
  },
  {
    "motivation": 37,
    "workload": 4,
  },
  {
    "motivation": 11,
    "workload": 8,
  },
  {
    "motivation": 85,
    "workload": 2,
  },
  {
    "motivation": 79,
    "workload": 6,
  },
  {
    "motivation": 13,
    "workload": 10,
  },
  {
    "motivation": 87,
    "workload": 4,
  },
  {
    "motivation": 21,
    "workload": 8,
  },
  {
    "motivation": 95,
    "workload": 2,
  },
  {
    "motivation": 9,
    "workload": 6,
  },
  {
    "motivation": 63,
    "workload": 10,
  },
  {
    "motivation": 37,
    "workload": 4,
  },
  {
    "motivation": 11,
    "workload": 8,
  },
  {
    "motivation": 25,
    "workload": 2,
  },
  {
    "motivation": 19,
    "workload": 6,
  },
  {
    "motivation": 73,
    "workload": 10,
  },
  {
    "motivation": 87,
    "workload": 4,
  },
  {
    "motivation": 1,
    "workload": 8,
  },
  {
    "motivation": 35,
    "workload": 2,
  },
  {
    "motivation": 29,
    "workload": 6,
  },
  {
    "motivation": 23,
    "workload": 10,
  },
  {
    "motivation": 97,
    "workload": 4,
  },
  {
    "motivation": 11,
    "workload": 8,
  },
  {
    "motivation": 85,
    "workload": 2,
  },
  {
    "motivation": 99,
    "workload": 6,
  },
  {
    "motivation": 13,
    "workload": 10,
  },
  {
    "motivation": 47,
    "workload": 4,
  },
  {
    "motivation": 21,
    "workload": 8,
  },
  {
    "motivation": 75,
    "workload": 2,
  },
  {
    "motivation": 69,
    "workload": 6,
  },
  {
    "motivation": 43,
    "workload": 10,
  },
  {
    "motivation": 77,
    "workload": 4,
  },
  {
    "motivation": 31,
    "workload": 8,
  },
  {
    "motivation": 5,
    "workload": 2,
  },
  {
    "motivation": 79,
    "workload": 6,
  },
  {
    "motivation": 73,
    "workload": 10,
  },
  {
    "motivation": 67,
    "workload": 4,
  },
  {
    "motivation": 81,
    "workload": 8,
  },
  {
    "motivation": 75,
    "workload": 2,
  },
  {
    "motivation": 29,
    "workload": 6,
  },
  {
    "motivation": 3,
    "workload": 10,
  },
  {
    "motivation": 17,
    "workload": 4,
  },
  {
    "motivation": 51,
    "workload": 8,
  },
  {
    "motivation": 25,
    "workload": 2,
  },
  {
    "motivation": 39,
    "workload": 6,
  },
  {
    "motivation": 73,
    "workload": 10,
  },
  {
    "motivation": 27,
    "workload": 4,
  },
  {
    "motivation": 41,
    "workload": 8,
  },
  {
    "motivation": 95,
    "workload": 2,
  },
  {
    "motivation": 69,
    "workload": 6,
  },
  {
    "motivation": 63,
    "workload": 10,
  },
  {
    "motivation": 57,
    "workload": 4,
  },
  {
    "motivation": 11,
    "workload": 8,
  },
  {
    "motivation": 85,
    "workload": 2,
  },
  {
    "motivation": 39,
    "workload": 6,
  },
  {
    "motivation": 33,
    "workload": 10,
  },
  {
    "motivation": 67,
    "workload": 4,
  },
  {
    "motivation": 1,
    "workload": 8,
  },
  {
    "motivation": 95,
    "workload": 2,
  },
  {
    "motivation": 69,
    "workload": 6,
  },
  {
    "motivation": 23,
    "workload": 10,
  },
  {
    "motivation": 77,
    "workload": 4,
  },
  {
    "motivation": 71,
    "workload": 8,
  },
  {
    "motivation": 65,
    "workload": 2,
  },
  {
    "motivation": 19,
    "workload": 6,
  },
  {
    "motivation": 33,
    "workload": 10,
  },
  {
    "motivation": 87,
    "workload": 4,
  },
  {
    "motivation": 1,
    "workload": 8,
  },
  {
    "motivation": 35,
    "workload": 2,
  },
  {
    "motivation": 49,
    "workload": 6,
  },
  {
    "motivation": 83,
    "workload": 10,
  },
  {
    "motivation": 17,
    "workload": 4,
  },
  {
    "motivation": 51,
    "workload": 8,
  },
  {
    "motivation": 45,
    "workload": 2,
  },
  {
    "motivation": 79,
    "workload": 6,
  },
  {
    "motivation": 13,
    "workload": 10,
  },
  {
    "motivation": 47,
    "workload": 4,
  },
  {
    "motivation": 61,
    "workload": 8,
  },
  {
    "motivation": 35,
    "workload": 2,
  },
  {
    "motivation": 49,
    "workload": 6,
  },
  {
    "motivation": 23,
    "workload": 10,
  },
  {
    "motivation": 77,
    "workload": 4,
  },
  {
    "motivation": 31,
    "workload": 8,
  },
  {
    "motivation": 65,
    "workload": 2,
  },
  {
    "motivation": 99,
    "workload": 6,
  },
  {
    "motivation": 53,
    "workload": 10,
  },
  {
    "motivation": 27,
    "workload": 4,
  },
  {
    "motivation": 81,
    "workload": 8,
  },
  {
    "motivation": 75,
    "workload": 2,
  },
  {
    "motivation": 9,
    "workload": 6,
  },
  {
    "motivation": 83,
    "workload": 10,
  },
  {
    "motivation": 77,
    "workload": 4,
  },
  {
    "motivation": 31,
    "workload": 8,
  },
  {
    "motivation": 65,
    "workload": 2,
  },
  {
    "motivation": 19,
    "workload": 6,
  },
  {
    "motivation": 73,
    "workload": 10,
  },
  {
    "motivation": 87,
    "workload": 4,
  },
  {
    "motivation": 61,
    "workload": 8,
  },
  {
    "motivation": 15,
    "workload": 2,
  },
  {
    "motivation": 29,
    "workload": 6,
  },
  {
    "motivation": 83,
    "workload": 10,
  },
  {
    "motivation": 37,
    "workload": 4,
  },
  {
    "motivation": 71,
    "workload": 8,
  },
  {
    "motivation": 45,
    "workload": 2,
  },
  {
    "motivation": 79,
    "workload": 6,
  },
  {
    "motivation": 53,
    "workload": 10,
  },
  {
    "motivation": 7,
    "workload": 4,
  },
  {
    "motivation": 1,
    "workload": 8,
  },
  {
    "motivation": 35,
    "workload": 2,
  },
  {
    "motivation": 49,
    "workload": 6,
  },
  {
    "motivation": 3,
    "workload": 10,
  },
  {
    "motivation": 37,
    "workload": 4,
  },
  {
    "motivation": 31,
    "workload": 8,
  },
  {
    "motivation": 25,
    "workload": 2,
  },
  {
    "motivation": 59,
    "workload": 6,
  },
  {
    "motivation": 13,
    "workload": 10,
  },
  {
    "motivation": 47,
    "workload": 4,
  },
  {
    "motivation": 21,
    "workload": 8,
  },
  {
    "motivation": 75,
    "workload": 2,
  },
  {
    "motivation": 29,
    "workload": 6,
  },
  {
    "motivation": 43,
    "workload": 10,
  },
  {
    "motivation": 57,
    "workload": 4,
  },
  {
    "motivation": 51,
    "workload": 8,
  },
  {
    "motivation": 45,
    "workload": 2,
  },
  {
    "motivation": 79,
    "workload": 6,
  },
  {
    "motivation": 53,
    "workload": 10,
  },
  {
    "motivation": 47,
    "workload": 4,
  },
  {
    "motivation": 41,
    "workload": 8,
  },
  {
    "motivation": 15,
    "workload": 2,
  },
  {
    "motivation": 29,
    "workload": 6,
  },
  {
    "motivation": 63,
    "workload": 10,
  },
  {
    "motivation": 17,
    "workload": 4,
  },
  {
    "motivation": 71,
    "workload": 8,
  },
  {
    "motivation": 85,
    "workload": 2,
  },
  {
    "motivation": 19,
    "workload": 6,
  },
  {
    "motivation": 33,
    "workload": 10,
  },
  {
    "motivation": 87,
    "workload": 4,
  },
  {
    "motivation": 61,
    "workload": 8,
  },
  {
    "motivation": 75,
    "workload": 2,
  },
  {
    "motivation": 29,
    "workload": 6,
  },
  {
    "motivation": 43,
    "workload": 10,
  },
  {
    "motivation": 77,
    "workload": 4,
  },
  {
    "motivation": 71,
    "workload": 8,
  },
  {
    "motivation": 25,
    "workload": 2,
  },
  {
    "motivation": 79,
    "workload": 6,
  },
  {
    "motivation": 93,
    "workload": 10,
  },
  {
    "motivation": 67,
    "workload": 4,
  },
  {
    "motivation": 81,
    "workload": 8,
  },
  {
    "motivation": 35,
    "workload": 2,
  },
  {
    "motivation": 29,
    "workload": 6,
  },
  {
    "motivation": 23,
    "workload": 10,
  },
  {
    "motivation": 97,
    "workload": 4,
  },
  {
    "motivation": 11,
    "workload": 8,
  },
  {
    "motivation": 85,
    "workload": 2,
  },
  {
    "motivation": 39,
    "workload": 6,
  },
  {
    "motivation": 33,
    "workload": 10,
  },
  {
    "motivation": 27,
    "workload": 4,
  },
  {
    "motivation": 21,
    "workload": 8,
  },
  {
    "motivation": 95,
    "workload": 2,
  },
  {
    "motivation": 29,
    "workload": 6,
  },
  {
    "motivation": 3,
    "workload": 10,
  },
  {
    "motivation": 37,
    "workload": 4,
  },
  {
    "motivation": 51,
    "workload": 8,
  },
  {
    "motivation": 45,
    "workload": 2,
  },
  {
    "motivation": 59,
    "workload": 6,
  },
  {
    "motivation": 53,
    "workload": 10,
  },
  {
    "motivation": 47,
    "workload": 4,
  },
  {
    "motivation": 1,
    "workload": 8,
  },
  {
    "motivation": 95,
    "workload": 2,
  },
  {
    "motivation": 49,
    "workload": 6,
  },
  {
    "motivation": 23,
    "workload": 10,
  },
  {
    "motivation": 57,
    "workload": 4,
  },
  {
    "motivation": 31,
    "workload": 8,
  },
  {
    "motivation": 25,
    "workload": 2,
  },
  {
    "motivation": 19,
    "workload": 6,
  },
  {
    "motivation": 33,
    "workload": 10,
  },
  {
    "motivation": 47,
    "workload": 4,
  },
  {
    "motivation": 21,
    "workload": 8,
  },
  {
    "motivation": 55,
    "workload": 2,
  },
  {
    "motivation": 89,
    "workload": 6,
  },
  {
    "motivation": 43,
    "workload": 10,
  },
  {
    "motivation": 57,
    "workload": 4,
  },
  {
    "motivation": 71,
    "workload": 8,
  },
  {
    "motivation": 45,
    "workload": 2,
  },
  {
    "motivation": 79,
    "workload": 6,
  },
  {
    "motivation": 73,
    "workload": 10,
  },
  {
    "motivation": 7,
    "workload": 4,
  },
  {
    "motivation": 21,
    "workload": 8,
  },
  {
    "motivation": 95,
    "workload": 2,
  },
  {
    "motivation": 89,
    "workload": 6,
  },
  {
    "motivation": 43,
    "workload": 10,
  },
  {
    "motivation": 57,
    "workload": 4,
  },
  {
    "motivation": 51,
    "workload": 8,
  },
  {
    "motivation": 5,
    "workload": 2,
  },
  {
    "motivation": 59,
    "workload": 6,
  },
  {
    "motivation": 53,
    "workload": 10,
  },
  {
    "motivation": 47,
    "workload": 4,
  },
  {
    "motivation": 61,
    "workload": 8,
  },
  {
    "motivation": 75,
    "workload": 2,
  },
  {
    "motivation": 89,
    "workload": 6,
  },
  {
    "motivation": 23,
    "workload": 10,
  },
  {
    "motivation": 97,
    "workload": 4,
  },
  {
    "motivation": 71,
    "workload": 8,
  },
  {
    "motivation": 5,
    "workload": 2,
  },
  {
    "motivation": 59,
    "workload": 6,
  },
  {
    "motivation": 33,
    "workload": 10,
  },
  {
    "motivation": 87,
    "workload": 4,
  },
  {
    "motivation": 41,
    "workload": 8,
  },
  {
    "motivation": 95,
    "workload": 2,
  },
  {
    "motivation": 29,
    "workload": 6,
  },
  {
    "motivation": 3,
    "workload": 10,
  },
  {
    "motivation": 77,
    "workload": 4,
  },
  {
    "motivation": 91,
    "workload": 8,
  },
  {
    "motivation": 5,
    "workload": 2,
  },
  {
    "motivation": 79,
    "workload": 6,
  },
  {
    "motivation": 73,
    "workload": 10,
  },
  {
    "motivation": 47,
    "workload": 4,
  },
  {
    "motivation": 61,
    "workload": 8,
  },
  {
    "motivation": 95,
    "workload": 2,
  },
  {
    "motivation": 69,
    "workload": 6,
  },
  {
    "motivation": 63,
    "workload": 10,
  },
  {
    "motivation": 57,
    "workload": 4,
  },
  {
    "motivation": 31,
    "workload": 8,
  },
  {
    "motivation": 85,
    "workload": 2,
  },
  {
    "motivation": 99,
    "workload": 6,
  },
  {
    "motivation": 13,
    "workload": 10,
  },
  {
    "motivation": 87,
    "workload": 4,
  },
  {
    "motivation": 21,
    "workload": 8,
  },
  {
    "motivation": 95,
    "workload": 2,
  },
  {
    "motivation": 9,
    "workload": 6,
  },
  {
    "motivation": 63,
    "workload": 10,
  },
  {
    "motivation": 97,
    "workload": 4,
  },
  {
    "motivation": 51,
    "workload": 8,
  },
  {
    "motivation": 5,
    "workload": 2,
  },
  {
    "motivation": 39,
    "workload": 6,
  },
  {
    "motivation": 53,
    "workload": 10,
  },
  {
    "motivation": 7,
    "workload": 4,
  },
  {
    "motivation": 61,
    "workload": 8,
  },
  {
    "motivation": 15,
    "workload": 2,
  },
  {
    "motivation": 49,
    "workload": 6,
  },
  {
    "motivation": 43,
    "workload": 10,
  },
  {
    "motivation": 77,
    "workload": 4,
  },
  {
    "motivation": 71,
    "workload": 8,
  },
  {
    "motivation": 25,
    "workload": 2,
  },
  {
    "motivation": 99,
    "workload": 6,
  },
  {
    "motivation": 53,
    "workload": 10,
  },
  {
    "motivation": 7,
    "workload": 4,
  },
  {
    "motivation": 61,
    "workload": 8,
  },
  {
    "motivation": 75,
    "workload": 2,
  },
  {
    "motivation": 29,
    "workload": 6,
  },
  {
    "motivation": 43,
    "workload": 10,
  },
  {
    "motivation": 77,
    "workload": 4,
  },
  {
    "motivation": 71,
    "workload": 8,
  },
  {
    "motivation": 5,
    "workload": 2,
  },
  {
    "motivation": 59,
    "workload": 6,
  },
  {
    "motivation": 13,
    "workload": 10,
  },
  {
    "motivation": 87,
    "workload": 4,
  },
  {
    "motivation": 61,
    "workload": 8,
  },
  {
    "motivation": 95,
    "workload": 2,
  },
  {
    "motivation": 89,
    "workload": 6,
  },
  {
    "motivation": 63,
    "workload": 10,
  },
  {
    "motivation": 77,
    "workload": 4,
  },
  {
    "motivation": 51,
    "workload": 8,
  },
  {
    "motivation": 25,
    "workload": 2,
  },
  {
    "motivation": 59,
    "workload": 6,
  },
  {
    "motivation": 53,
    "workload": 10,
  },
  {
    "motivation": 7,
    "workload": 4,
  },
  {
    "motivation": 1,
    "workload": 8,
  },
  {
    "motivation": 75,
    "workload": 2,
  },
  {
    "motivation": 89,
    "workload": 6,
  },
  {
    "motivation": 43,
    "workload": 10,
  },
  {
    "motivation": 57,
    "workload": 4,
  },
  {
    "motivation": 31,
    "workload": 8,
  },
  {
    "motivation": 85,
    "workload": 2,
  },
  {
    "motivation": 99,
    "workload": 6,
  },
  {
    "motivation": 13,
    "workload": 10,
  },
]
`;

exports[`Puzzle 03 > should match the output snapshot 1`] = `394`;
